{
  "errors": {
    "MISSING_CRUCIAL_CONTENT": {
      "data": [
        "@id"
      ], 
      "refersTo": {
        "@idref": "trees2"
      }
    }
  }, 
  "warnings": {
    "MISSING_OPTIONAL_KEY": [
      {
        "data": [
          "ot:ottId"
        ], 
        "refersTo": {
          "@idref": "otu1"
        }
      }, 
      {
        "data": [
          "ot:ottId"
        ], 
        "refersTo": {
          "@idref": "otu2"
        }
      }, 
      {
        "data": [
          "ot:ottId"
        ], 
        "refersTo": {
          "@idref": "otu3"
        }
      }, 
      {
        "data": [
          "ot:dataDeposit", 
          "ot:studyPublication", 
          "ot:studyPublicationReference", 
          "ot:studyYear"
        ], 
        "refersTo": {
          "@idref": "some-id"
        }
      }
    ], 
    "UNRECOGNIZED_KEY": [
      {
        "data": [
          "@label"
        ], 
        "refersTo": {
          "@idref": "otu1"
        }
      }, 
      {
        "data": [
          "ot:ottolid"
        ], 
        "refersTo": {
          "@idref": "otu1"
        }
      }, 
      {
        "data": [
          "@label"
        ], 
        "refersTo": {
          "@idref": "otu2"
        }
      }, 
      {
        "data": [
          "ot:ottolid"
        ], 
        "refersTo": {
          "@idref": "otu2"
        }
      }, 
      {
        "data": [
          "@label"
        ], 
        "refersTo": {
          "@idref": "otu3"
        }
      }, 
      {
        "data": [
          "ot:ottolid"
        ], 
        "refersTo": {
          "@idref": "otu3"
        }
      }
    ]
  }
}
