{
  "errors": {
    "MISSING_MANDATORY_KEY": {
      "data": [
        "edge"
      ], 
      "refersTo": {
        "@idref": "tree1"
      }
    }
  }, 
  "warnings": {
    "MISSING_OPTIONAL_KEY": [
      {
        "data": [
          "ot:dataDeposit", 
          "ot:studyPublication", 
          "ot:studyPublicationReference", 
          "ot:studyYear"
        ], 
        "refersTo": {
          "@idref": "some-id"
        }
      }, 
      {
        "data": [
          "@xsi:type"
        ], 
        "refersTo": {
          "@idref": "tree1"
        }
      }, 
      {
        "data": [
          "ot:branchLengthMode", 
          "ot:branchLengthTimeUnit", 
          "ot:curatedType"
        ], 
        "refersTo": {
          "@idref": "tree1"
        }
      }
    ]
  }
}
