{
  "errors": {
    "REPEATED_OTU": {
      "data": [
        "otu3"
      ], 
      "refersTo": {
        "@idref": "node4", 
        "@nodeID": "node4", 
        "@top": "trees", 
        "@treeID": "tree1", 
        "@treesID": "tree1"
      }
    }
  }, 
  "warnings": {
    "MISSING_OPTIONAL_KEY": [
      {
        "data": [
          "@xsi:type"
        ], 
        "refersTo": {
          "@idref": "tree1", 
          "@top": "trees", 
          "@treeID": "tree1", 
          "@treesID": "tree1"
        }
      }, 
      {
        "data": [
          "ot:branchLengthMode", 
          "ot:branchLengthTimeUnit", 
          "ot:curatedType"
        ], 
        "refersTo": {
          "@idref": "tree1", 
          "@top": "trees", 
          "@treeID": "tree1", 
          "@treesID": "tree1"
        }
      }
    ]
  }
}
