{
  "errors": {
    "UNRECOGNIZED_KEY": {
      "data": [
        "bogus"
      ], 
      "refersTo": "top-level"
    }
  }, 
  "warnings": {}
}
