{
  "errors": {
    "MISSING_CRUCIAL_CONTENT": {
      "data": [
        "otus"
      ], 
      "refersTo": {

                "@idref": "bogusStudyID"
      }
    }
  }, 
  "warnings": {}
}
