{
  "errors": {
    "MISSING_CRUCIAL_CONTENT": {
      "data": [
        "trees"
      ], 
      "refersTo": {
        "@idref": "bogusStudyID", 
        "@top": "nexml"
      }
    }
  }, 
  "warnings": {
    "MISSING_OPTIONAL_KEY": {
      "data": [
        "ot:ottId"
      ], 
      "refersTo": {
        "@idref": [
          "otu1", 
          "otu2"
        ], 
        "@otuID": [
          "otu1", 
          "otu2"
        ], 
        "@otusID": "og1", 
        "@top": "otus"
      }
    }
  }
}
