{
  "errors": {
    "REPEATED_ID": {
      "data": [
        "^ot:dataDeposit"
      ], 
      "refersTo": {
        "@idref": "bogusStudyID", 
        "@top": "nexml"
      }
    }
  }, 
  "warnings": {
    "MISSING_OPTIONAL_KEY": [
      {
        "data": [
          "^ot:ottId"
        ], 
        "refersTo": {
          "@idref": "otu1", 
          "@otuID": "otu1", 
          "@otusID": "og1", 
          "@top": "otus"
        }
      }, 
      {
        "data": [
          "^ot:ottId"
        ], 
        "refersTo": {
          "@idref": "otu2", 
          "@otuID": "otu2", 
          "@otusID": "og1", 
          "@top": "otus"
        }
      }
    ]
  }
}
