{
  "errors": {
    "INCORRECT_VALUE_TYPE": {
      "data": [
        {
          "expected": "integer", 
          "key": "ot:studyYear", 
          "type": "unicode"
        }
      ], 
      "refersTo": "nexml"
    }
  }, 
  "warnings": {}
}
