{
  "errors": {
    "INCORRECT_VALUE_TYPE": {
      "data": [
        {
          "expected": "integer", 
          "key": "^ot:studyYear", 
          "type": "unicode"
        }
      ], 
      "refersTo": {
        "@idref": "bogusStudyID", 
        "@top": "nexml"
      }
    }, 
    "MISSING_CRUCIAL_CONTENT": {
      "data": [
        "^ot:otusElementOrder", 
        "otusById"
      ], 
      "refersTo": {
        "@idref": "bogusStudyID", 
        "@top": "nexml"
      }
    }
  }, 
  "warnings": {}
}
