{
  "errors": {
    "INCORRECT_VALUE_TYPE": {
      "data": [
        {
          "expected": "integer", 
          "key": "ot:focalClade", 
          "type": "unicode"
        }
      ], 
      "refersTo": {
        "@top": "nexml"
      }
    }, 
    "UNPARSEABLE_META": {
      "data": [
        {
          "$": "jane q. public", 
          "@datatype": "xsd:string", 
          "@xsi:type": "nex:LiteralMeta"
        }, 
        "http://purl.org/phylo/treebase/phylows/study/TB2:S1623", 
        5, 
        4.5, 
        true
      ], 
      "refersTo": {
        "@top": "nexml"
      }
    }
  }, 
  "warnings": {}
}
