["Property 'contributors' not found!", "Property 'contributors' should be one of these: <type 'list'>"]
